// Jest Snapshot v1, https://goo.gl/fbAQLP

exports[`<Login /> when rendered then should show login welcome text 1`] = `
Object {
  "container": <div>
    <div
        class="ant-layout"
    >
        <h2
            data-testid="login-screen"
        >
            Login
        </h2>
        <div>
            <form>
                <label
                    for="username"
                >
                    Username
                </label>
                <input
                    data-testid="username"
                    type="text"
                    id="username"
                />
                <label
                    for="password"
                >
                    Password
                </label>
                <input
                    data-testid="password"
                    type="password"
                    id="password"
                />
                <button
                    type="submit"
                >
                    Login
                </button>
            </form>
        </div>
        >
    </div>
</div>,
  "debug": [Function],
  "getAllByAltText": [Function],
  "getAllByLabelText": [Function],
  "getAllByPlaceholderText": [Function],
  "getAllByTestId": [Function],
  "getAllByText": [Function],
  "getAllByTitle": [Function],
  "getAllByValue": [Function],
  "getByAltText": [Function],
  "getByLabelText": [Function],
  "getByPlaceholderText": [Function],
  "getByTestId": [Function],
  "getByText": [Function],
  "getByTitle": [Function],
  "getByValue": [Function],
  "queryAllByAltText": [Function],
  "queryAllByLabelText": [Function],
  "queryAllByPlaceholderText": [Function],
  "queryAllByTestId": [Function],
  "queryAllByText": [Function],
  "queryAllByTitle": [Function],
  "queryAllByValue": [Function],
  "queryByAltText": [Function],
  "queryByLabelText": [Function],
  "queryByPlaceholderText": [Function],
  "queryByTestId": [Function],
  "queryByText": [Function],
  "queryByTitle": [Function],
  "queryByValue": [Function],
  "rerender": [Function],
  "unmount": [Function],
}
`;
